// Vitest Snapshot v1, https://vitest.dev/guide/snapshot.html

exports[`la imagen del anuncio > la plantilla: azul de Sincro, la frase cortada en renglones y la marca 1`] = `"<svg xmlns="http://www.w3.org/2000/svg" width="1080" height="1080" viewBox="0 0 1080 1080"><rect width="1080" height="1080" fill="#0166FE"/><rect x="96" y="96" width="120" height="14" rx="7" fill="#FFFFFF"/><text font-family="Inter" font-weight="700" font-size="124" fill="#FFFFFF" letter-spacing="-1"><tspan x="96" y="251">¿Tu estudio</tspan><tspan x="96" y="390">contable</tspan><tspan x="96" y="529">todavía carga</tspan><tspan x="96" y="668">facturas a</tspan><tspan x="96" y="807">mano?</tspan></text><rect x="96" y="920" width="208" height="64" rx="32" fill="#000000"/><text x="200" y="963" text-anchor="middle" font-family="Inter" font-weight="700" font-size="36" fill="#FFFFFF">Sincro</text><text x="984" y="963" text-anchor="end" font-family="Inter" font-weight="400" font-size="30" fill="#FFFFFF">sincroresto.com</text></svg>"`;
